In EGS_Application::initSimulation()
 phsp size = 4217073947
================================================================================
EGSnrc version 4 for x86_64-unknown-linux-gnu          Sat Apr  6 19:41:29 2024
================================================================================
configuration.........................................linux_puhti
configuration time....................................2023-12-09 12:38:57 UTC
app compile time......................................2024-04-01 10:06:34 UTC
git commit hash.......................................27180f4
application...........................................egs_chamber
pegs file.............................................
using host............................................puhti-login11.bullx
input file............................................phspBladesXrayWindowPbport
output file(s)........................................phspBladesXrayWindowPbport
================================================================================

               *************************************************
               *                                               *
               *               egs_chamber CSE)                *
               *                                               *
               *************************************************

This is EGS_ChamberApplication   based on
      EGS_AdvancedApplication  

In initCrossSections(): spin effects = 1
Property Photon cross-sections output: 0
Property Photonuclear attenuation: 0
Property Bound Compton scattering: 1
Property Radiative Compton corrections: 1
Property Rayleigh scattering: 1
Property Atomic relaxations: 1
Property Photoelectron angular sampling: 1
Property Spin effects: 1
Property Triplet production: 1
Property Brems cross sections: 2
Property Brems angular sampling: 1
Property Pair cross sections: 1
Property Pair angular sampling: 2
Property Electron-step algorithm: 2
Property Boundary crossing algorithm: 0
 ===> Photonuclear flag:   0
 RAYLEIGH OPTION REQUESTED FOR MEDIUM NUMBER  1

 RAYLEIGH OPTION REQUESTED FOR MEDIUM NUMBER  2

 RAYLEIGH OPTION REQUESTED FOR MEDIUM NUMBER  3

 RAYLEIGH OPTION REQUESTED FOR MEDIUM NUMBER  4

 RAYLEIGH OPTION REQUESTED FOR MEDIUM NUMBER  5

  PEGSLESS INPUT.  CALCULATING ELECTRON CROSS-SECTIONS.
  density_file lead                                                                                                                                                                                                                                                            
  density_file steel_stainless_type302                                                                                                                                                                                                                                         
  density_file air_dry_nearsealevel                                                                                                                                                                                                                                            
  density_file polystyrene                                                                                                                                                                                                                                                     
  density_file radiochromicdyefilm_nylonbase                                                                                                                                                                                                                                   

  Medium data: 

 AE =    5.12000E-01 MeV,  UE =    1.51100E+00 MeV
 AP =    1.00000E-03 MeV,  UP =    1.00000E+00 MeV

  No material data file supplied.  Material data obtained from
  .egsinp file or density correction file.

   Medium: pb                      
 Sterncid: pb                      
     rho:    1.13500E+01 g/cm^3
 Elements: PB  
    rhoz:    1.00000E+00
      pz:    4.82649E-03
  iunrst:     0
  iaprim:     1
    gasp:    0.00000E+00 atm.
  density correction file: /projappl/project_2008691/EGSnrc/HEN_HOUSE/pegs4/density_corrections/elements/lead.density

   Medium: steel                   
 Sterncid: steel                   
     rho:    8.06000E+00 g/cm^3
 Elements: C   SI  CR  MN  FE  NI  
    rhoz:    1.00000E-03   7.00000E-03   1.80000E-01   1.00000E-02   7.12000E-01   9.00000E-02
      pz:    8.32560E-05   2.49217E-04   3.46167E-03   1.82023E-04   1.27491E-02   1.53296E-03
  iunrst:     0
  iaprim:     1
    gasp:    0.00000E+00 atm.
  density correction file: /projappl/project_2008691/EGSnrc/HEN_HOUSE/pegs4/density_corrections/compounds/steel_stainless_type302.density

   Medium: air                     
 Sterncid: air                     
     rho:    1.20479E-03 g/cm^3
 Elements: C   N   O   AR  
    rhoz:    1.24000E-04   7.55267E-01   2.31781E-01   1.28270E-02
      pz:    1.03237E-05   5.39218E-02   1.44869E-02   3.21092E-04
  iunrst:     0
  iaprim:     1
    gasp:    0.00000E+00 atm.
  density correction file: /projappl/project_2008691/EGSnrc/HEN_HOUSE/pegs4/density_corrections/compounds/air_dry_nearsealevel.density

   Medium: polystyrene             
 Sterncid: polystyrene             
     rho:    1.06000E+00 g/cm^3
 Elements: H   C   
    rhoz:    7.74180E-02   9.22582E-01
      pz:    7.68059E-02   7.68105E-02
  iunrst:     0
  iaprim:     1
    gasp:    0.00000E+00 atm.
  density correction file: /projappl/project_2008691/EGSnrc/HEN_HOUSE/pegs4/density_corrections/compounds/polystyrene.density

   Medium: film                    
 Sterncid: film                    
     rho:    1.14000E+00 g/cm^3
 Elements: H   C   N   O   
    rhoz:    1.05000E-01   6.56000E-01   1.11000E-01   1.28000E-01
      pz:    1.04170E-01   5.46159E-02   7.92478E-03   8.00030E-03
  iunrst:     0
  iaprim:     1
    gasp:    0.00000E+00 atm.
  density correction file: /projappl/project_2008691/EGSnrc/HEN_HOUSE/pegs4/density_corrections/compounds/radiochromicdyefilm_nylonbase.density


(Re)-initializing photon cross sections with files from the series: xcom

 Compton cross sections: default
 Using Compton cross sections from /projappl/project_2008691/EGSnrc/HEN_HOUSE/data/compton_sigma.data

 Reading renormalized photoelectric cross sections ...... done

 Working on medium   1 ... 
  ->  100 atomic ff values computed!
      preparing data for Rayleigh sampling ... done

OK
 Working on medium   2 ... 
  ->  100 atomic ff values computed!
      preparing data for Rayleigh sampling ... done

OK
 Working on medium   3 ... 
  ->  100 atomic ff values computed!
      preparing data for Rayleigh sampling ... done

OK
 Working on medium   4 ... 
  ->  100 atomic ff values computed!
      preparing data for Rayleigh sampling ... done

OK
 Working on medium   5 ... 
  ->  100 atomic ff values computed!
      preparing data for Rayleigh sampling ... done

OK

Reading screened Rutherford MS data ...............  done 


Reading spin data base from /projappl/project_2008691/EGSnrc/HEN_HOUSE/data/spinms.data
EGSnrc spin data, version 2.0   
Data generated on a machine with 1234 endianess
The endianess of this CPU is 1234
Ranges:      1.00   100.00  0.30054  1.00000


  medium    1 .....................  done
  medium    2 .....................  done
  medium    3 .....................  done
  medium    4 .....................  done
  medium    5 .....................  done
  
  Medium            1  sige =    172.75604562338430        235.60337980532134       monotone =  F F
  Medium            2  sige =    123.18398574866285        151.05801028177109       monotone =  F F
  Medium            3  sige =    89.591859601344183        103.21541676401796       monotone =  F F
  Medium            4  sige =    85.799574936291847        98.126563048670249       monotone =  F F
  Medium            5  sige =    84.596696459844324        96.521242628028816       monotone =  F F
  
  Initializing tmxs for estepe =   0.25000000000000000       and ximax =   0.50000000000000000     
  
  
 Radiative Compton corrections requested:
    Reading radiative Compton data ...  OK
    Modifying cross sections and branching ratios ... OK

Bound Compton scattering requested, reading data ......  Done

 Initializing Bound Compton scattering ......
 Medium   1 has  23 shells: 
   1 1054   1  0.02439 0.121E+01    88.004
   2 1055   2  0.02439 0.430E+01    15.861
   3 1056   3  0.02439 0.210E+01    15.200
   4 1057   4  0.04878 0.238E+01    13.035
   5 1058   5  0.02439 0.944E+01     3.851
   6 1059   6  0.02439 0.552E+01     3.554
   7 1060   7  0.04878 0.600E+01     3.066
   8 1061   8  0.04878 0.388E+01     2.586
   9 1062   9  0.07317 0.397E+01     2.484
  10 1063  10  0.02439 0.193E+02     0.894
  11 1064  11  0.02439 0.121E+02     0.764
  12 1065  12  0.04878 0.131E+02     0.645
  13 1066  13  0.04878 0.984E+01     0.434
  14 1067  14  0.07317 0.101E+02     0.412
  15 1068  15  0.02439 0.445E+02     0.148
  16 1069  16  0.02439 0.295E+02     0.105
  17 1070  17  0.04878 0.325E+02     0.086
  18 1071  18  0.07317 0.830E+01     0.141
  19 1072  19  0.09756 0.841E+01     0.136
  20 1073  20  0.04878 0.303E+02     0.020
  21 1074  21  0.07317 0.311E+02     0.018
  22 1075  22  0.02439 0.142E+03     0.007
  23 1076  23  0.02439 0.111E+03     0.007
 Medium   2 has  45 shells: 
   1   10   1  0.00036 0.210E+02     0.285
   2   11   2  0.00036 0.110E+03     0.011
   3   12   3  0.00036 0.669E+02     0.011
   4   45   1  0.00107 0.870E+01     1.839
   5   46   2  0.00107 0.377E+02     0.149
   6   47   3  0.00107 0.204E+02     0.100
   7   48   4  0.00214 0.204E+02     0.099
   8   49   5  0.00107 0.142E+03     0.008
   9   50   6  0.00107 0.102E+03     0.008
  10  120   1  0.01486 0.500E+01     5.989
  11  121   2  0.01486 0.192E+02     0.698
  12  122   3  0.01486 0.981E+01     0.585
  13  123   4  0.02971 0.981E+01     0.576
  14  124   5  0.01486 0.545E+02     0.075
  15  125   6  0.01486 0.347E+02     0.043
  16  126   7  0.02971 0.347E+02     0.043
  17  127   8  0.02971 0.721E+02     0.007
  18  128   9  0.01486 0.721E+02     0.007
  19  129   1  0.00078 0.480E+01     6.539
  20  130   2  0.00078 0.182E+02     0.769
  21  131   3  0.00078 0.933E+01     0.651
  22  132   4  0.00156 0.933E+01     0.639
  23  133   5  0.00078 0.511E+02     0.082
  24  134   6  0.00078 0.322E+02     0.047
  25  135   7  0.00156 0.322E+02     0.047
  26  136   8  0.00156 0.833E+02     0.007
  27  137   9  0.00117 0.833E+02     0.007
  28  138   1  0.05471 0.460E+01     7.112
  29  139   2  0.05471 0.174E+02     0.848
  30  140   3  0.05471 0.891E+01     0.721
  31  141   4  0.10943 0.891E+01     0.708
  32  142   5  0.05471 0.486E+02     0.092
  33  143   6  0.05471 0.306E+02     0.053
  34  144   7  0.10943 0.306E+02     0.053
  35  145   8  0.10943 0.737E+02     0.008
  36  146   9  0.10943 0.737E+02     0.008
  37  156   1  0.00658 0.426E+01     8.333
  38  157   2  0.00658 0.160E+02     1.008
  39  158   3  0.00658 0.815E+01     0.871
  40  159   4  0.01316 0.815E+01     0.854
  41  160   5  0.00658 0.445E+02     0.111
  42  161   6  0.00658 0.277E+02     0.067
  43  162   7  0.01316 0.277E+02     0.067
  44  163   8  0.01316 0.599E+02     0.008
  45  164   9  0.01974 0.599E+02     0.008
 Medium   3 has  18 shells: 
   1   10   1  0.00004 0.210E+02     0.285
   2   11   2  0.00004 0.110E+03     0.011
   3   12   3  0.00004 0.669E+02     0.011
   4   13   1  0.21604 0.178E+02     0.410
   5   14   2  0.21604 0.921E+02     0.015
   6   15   3  0.21604 0.558E+02     0.014
   7   16   4  0.10802 0.558E+02     0.014
   8   17   1  0.05804 0.155E+02     0.543
   9   18   2  0.05804 0.793E+02     0.024
  10   19   3  0.05804 0.479E+02     0.014
  11   20   4  0.05804 0.479E+02     0.014
  12   72   1  0.00129 0.671E+01     3.203
  13   73   2  0.00129 0.271E+02     0.326
  14   74   3  0.00129 0.142E+02     0.251
  15   75   4  0.00257 0.142E+02     0.249
  16   76   5  0.00129 0.889E+02     0.029
  17   77   6  0.00129 0.606E+02     0.016
  18   78   7  0.00257 0.606E+02     0.016
 Medium   4 has   4 shells: 
   1    1   1  0.14285 0.116E+03     0.014
   2   10   1  0.28572 0.210E+02     0.285
   3   11   2  0.28572 0.110E+03     0.011
   4   12   3  0.28572 0.669E+02     0.011
 Medium   5 has  12 shells: 
   1    1   1  0.18894 0.116E+03     0.014
   2   10   1  0.19812 0.210E+02     0.285
   3   11   2  0.19812 0.110E+03     0.011
   4   12   3  0.19812 0.669E+02     0.011
   5   13   1  0.02875 0.178E+02     0.410
   6   14   2  0.02875 0.921E+02     0.015
   7   15   3  0.02875 0.558E+02     0.014
   8   16   4  0.01437 0.558E+02     0.014
   9   17   1  0.02902 0.155E+02     0.543
  10   18   2  0.02902 0.793E+02     0.024
  11   19   3  0.02902 0.479E+02     0.014
  12   20   4  0.02902 0.479E+02     0.014
 ...... Done.

Output from subroutine EDGSET:
==============================
 Atomic relaxations requested! 

 Reading simplified photo-absorption data ..... Done

 Reading simplified relaxation data ..... Done

 Reading parametrized XCOM photo cross section data ..... Done

 Reading EADL relaxation data ......
  Z =  82 has 24 shells
  Z =   6 has  4 shells
  Z =  14 has  7 shells
  Z =  24 has 10 shells
  Z =  25 has 10 shells
  Z =  26 has 10 shells
  Z =  28 has 10 shells
  Z =   7 has  4 shells
  Z =   8 has  4 shells
  Z =  18 has  7 shells
  Z =   1 has  1 shells
 ...... Done.

  
 Using NRC brems cross sections! 
  
  Initializing brems data for medium            1 ...
  Max. new cross sections per energy loss:    172.71375768187906        235.60728196646150     
  Initializing brems data for medium            2 ...
  Max. new cross sections per energy loss:    123.18850094771580        151.05910136475785     
  Initializing brems data for medium            3 ...
  Max. new cross sections per energy loss:    89.603754504395283        103.21767115908033     
  Initializing brems data for medium            4 ...
  Max. new cross sections per energy loss:    85.809486150447540        98.128639733994149     
  Initializing brems data for medium            5 ...
  Max. new cross sections per energy loss:    84.606352682595968        96.523228134703402     
  
  


Reading NRC pair data base from /projappl/project_2008691/EGSnrc/HEN_HOUSE/data/pair_nrc1.data
Data generated on a machine with 1234 endianess
The endianess of this CPU is 1234
Energy range of the data:     2.010  168.603
  medium    1 .....................  done
  medium    2 .....................  done
  medium    3 .....................  done
  medium    4 .....................  done
  medium    5 .....................  done
  
  
 eii_init: minimum threshold energy found:    1.0000000000000000E-003
 eii_init: number of shells to simulate EII:           11


Opened EII data file /projappl/project_2008691/EGSnrc/HEN_HOUSE/data/eii_ik.data
 eii_init: reading EII data ...   OK 
  
 eii_init: for medium            1  adjusted sige =    172.18788716669485       monotone =  F
 eii_init: for medium            2  adjusted sige =    114.81607084094414       monotone =  F
 eii_init: for medium            3  adjusted sige =    89.567864113104150       monotone =  F
 init_triplet: reading triplet data ...  OK
   Preparing triplet fraction data for medium   1 ...  OK
   Preparing triplet fraction data for medium   2 ...  OK
   Preparing triplet fraction data for medium   3 ...  OK
   Preparing triplet fraction data for medium   4 ...  OK
   Preparing triplet fraction data for medium   5 ...  OK
EGSnrc SUCCESSFULLY 'HATCHED' FOR     5 MEDIA.


The following media are defined:
================================

  0  pb                       AE= 0.5120 AP= 0.0010 0
  1  steel                    AE= 0.5120 AP= 0.0010 1
  2  air                      AE= 0.5120 AP= 0.0010 2
  3  polystyrene              AE= 0.5120 AP= 0.0010 3
  4  film                     AE= 0.5120 AP= 0.0010 4


Transport parameter and cross section options:
==============================================
Photon cross sections                             mcdf-xcom       
Compton cross sections                            default         
Global Pcut                                       0.001
Pair cross sections                               NRC
Pair angular sampling                             KM
Triplet production                                On
Bound Compton scattering                          On
Radiative Compton corrections                     On
Rayleigh scattering                               On
Atomic relaxations                                eadl
Photoelectron angular sampling                    On
Photonuclear attenuation                          Off
Photonuclear cross sections                       default         

Global Ecut                                       0.512
Brems cross sections                              NRC
Brems angular sampling                            KM
Spin effects                                      On
Electron Impact Ionization                        ik              
Global Smax                                       1e+10
ESTEPE                                            0.25
Ximax                                             0.5
Boundary crossing algorithm                       Exact
Skin depth for BCA                                3
Electron-step algorithm                           EGSnrc
==============================================


initScoring: missing/wrong 'cavity geometry'  for geometry 'obi_system' 
initScoring: missing/wrong 'enhance regions' input
initScoring: missing/wrong 'enhancement' input
initScoring: no 'cavity geometry' named  --> input ignored

=========================positioning uncertainty=========================
Isocenter positioning uncertainty option is set OFF.

Cavity positioning uncertainty option is set OFF.

Number of uncorrelated estimators is 0 among 1 geometries.
Number of correlated estimators is 0 among 1 geometries.

=========================================================================

======================== geometry =====================
 type = EGS_UnionGeometry
 name = obi_system
 number of regions = 324
 geometries:
   profilex (type EGS_XYZGeometry)
   obi (type EGS_UnionGeometry)
   styrox (type EGS_XYZGeometry)
   air_prim_to_detector (type EGS_XYZGeometry)
=======================================================


The simulation uses the following source:
=========================================
 IAEA phase space source from anodeXRayWPbPort_egs_chamber_radiative_splitting.1


Random number generator:
============================================
  type                = ranmar
  high resolution     = no
  initial seeds       = 33 97
  numbers used so far = 0


Run Control Object (RCO):
=========================
  type = simple


The following ausgab objects are included in the simulation
===========================================================


Particle Track Scoring (tracks)
======================================================
 - Scoring photon tracks       = YES
 - Scoring electron tracks     = NO
 - Scoring positron tracks     = NO
 - First event to score        = 0
 - Last event to score         = 10000
 - Track buffer size           = 1024
 - Output file name            = /projappl/project_2008691/EGSnrc/egs_home/egs_chamber/phspBladesXrayWindowPbport.ptracks


===========================================
Radiative splitting Object (my_splitting)
===========================================

 - Splitting radiative events in 1000


===========================================


*******************************************
Dose Scoring Object (profilexFilm)
*******************************************

 - Regions in dose calculator :324


--------------------------------------
     medium  rho (g/cm^3)
--------------------------------------
     medium  rho (g/cm^3)
  11.35000000
11.35000000   8.06000040
 8.06000040   0.00120479
 0.00120479   1.05999990
 1.05999990   1.14000000
--------------------------------------

*******************************************


 Will output dose to file:
 EGS_XYZGeometry: profilex
 file format:  3ddose
 file name: /projappl/project_2008691/EGSnrc/egs_home/egs_chamber/profilexFilm.3ddose

Variance reduction
====================================================
Photon splitting = off
Range rejection = off


photon cross-section enhancement = Off


region by region ECUT = Off

=============================================


Combine results only

calling combineResults()

                      Suming the following .egsdat files:
=======================================================================
 1 phspBladesXrayWindowPbport_w1.egsdat ncase=180000000      cpu=53629.10   
 2 phspBladesXrayWindowPbport_w2.egsdat ncase=180000000      cpu=52085.50   
 3 phspBladesXrayWindowPbport_w3.egsdat ncase=180000000      cpu=52998.30   
 4 phspBladesXrayWindowPbport_w4.egsdat ncase=180000000      cpu=55198.70   
 5 phspBladesXrayWindowPbport_w5.egsdat ncase=180000000      cpu=53943.80   
 6 phspBladesXrayWindowPbport_w6.egsdat ncase=180000000      cpu=54229.50   
 7 phspBladesXrayWindowPbport_w7.egsdat ncase=180000000      cpu=53335.70   
 8 phspBladesXrayWindowPbport_w8.egsdat ncase=180000000      cpu=55211.60   
 9 phspBladesXrayWindowPbport_w9.egsdat ncase=180000000      cpu=51471.00   
10 phspBladesXrayWindowPbport_w10.egsdat ncase=180000000      cpu=53610.40   
11 phspBladesXrayWindowPbport_w11.egsdat ncase=180000000      cpu=53202.80   
12 phspBladesXrayWindowPbport_w12.egsdat ncase=180000000      cpu=52453.40   
13 phspBladesXrayWindowPbport_w13.egsdat ncase=180000000      cpu=53690.70   
14 phspBladesXrayWindowPbport_w14.egsdat ncase=180000000      cpu=52349.60   
15 phspBladesXrayWindowPbport_w15.egsdat ncase=180000000      cpu=53282.40   
16 phspBladesXrayWindowPbport_w16.egsdat ncase=180000000      cpu=52918.70   
17 phspBladesXrayWindowPbport_w17.egsdat ncase=180000000      cpu=53797.70   
18 phspBladesXrayWindowPbport_w18.egsdat ncase=180000000      cpu=53414.40   
19 phspBladesXrayWindowPbport_w19.egsdat ncase=180000000      cpu=53037.80   
20 phspBladesXrayWindowPbport_w20.egsdat ncase=180000000      cpu=51929.20   
21 phspBladesXrayWindowPbport_w21.egsdat ncase=180000000      cpu=51016.10   
22 phspBladesXrayWindowPbport_w22.egsdat ncase=180000000      cpu=52608.40   
23 phspBladesXrayWindowPbport_w23.egsdat ncase=180000000      cpu=51906.10   
24 phspBladesXrayWindowPbport_w24.egsdat ncase=180000000      cpu=54424.00   
25 phspBladesXrayWindowPbport_w25.egsdat ncase=180000000      cpu=52959.70   
26 phspBladesXrayWindowPbport_w26.egsdat ncase=180000000      cpu=52300.60   
27 phspBladesXrayWindowPbport_w27.egsdat ncase=180000000      cpu=53034.40   
28 phspBladesXrayWindowPbport_w28.egsdat ncase=180000000      cpu=52666.40   
29 phspBladesXrayWindowPbport_w29.egsdat ncase=180000000      cpu=53172.60   
30 phspBladesXrayWindowPbport_w30.egsdat ncase=180000000      cpu=51186.00   
31 phspBladesXrayWindowPbport_w31.egsdat ncase=180000000      cpu=52072.60   
32 phspBladesXrayWindowPbport_w32.egsdat ncase=180000000      cpu=53652.10   
33 phspBladesXrayWindowPbport_w33.egsdat ncase=180000000      cpu=53990.60   
34 phspBladesXrayWindowPbport_w34.egsdat ncase=180000000      cpu=52114.50   
35 phspBladesXrayWindowPbport_w35.egsdat ncase=180000000      cpu=52553.20   
36 phspBladesXrayWindowPbport_w36.egsdat ncase=180000000      cpu=54505.00   
37 phspBladesXrayWindowPbport_w37.egsdat ncase=180000000      cpu=51823.00   
38 phspBladesXrayWindowPbport_w38.egsdat ncase=180000000      cpu=51377.90   
39 phspBladesXrayWindowPbport_w39.egsdat ncase=180000000      cpu=51115.50   
40 phspBladesXrayWindowPbport_w40.egsdat ncase=180000000      cpu=51480.20   
=======================================================================
                            Total ncase=7200000000     cpu=2115749.20 



Finished simulation

Total cpu time for this run:            0.05 (sec.) 0.0000(hours)
CPU time including previous runs:       2115749.25 (sec.) 587.7081 (hours)
Histories per hour:                     1.2251e+07    
Number of random numbers used:          21122540774048
Number of electron CH steps:            1.47177e+11   
Number of all electron steps:           4.7017e+12    


 last case = 654531096 fluence = 6.30539e+12

Geometry                        Cavity dose      
-----------------------------------------------
obi_system                1.7876e-22 +/- 2.023  % 



Particle Track Scoring (tracks)
======================================================
   Total events scored:     0
   Total tracks scored:     0
   Still being scored:      0
   Output file name:        /projappl/project_2008691/EGSnrc/egs_home/egs_chamber/phspBladesXrayWindowPbport.ptracks


======================================================
Dose Scoring Object(profilexFilm)
======================================================
=> last case = 654531096 fluence = 6.30539e+12

==> Summary of region dosimetry (per fluence)
 ir       medium  rho (g/cm^3)  Volume (cm^3)   Edep (MeV*cm^2)              D (Gy*cm^2)              
------------------------------------------------------------------------------------------------------
  0  film          1.14000000       1.000000    4.6834e-13  +/-  3.890  %    6.5814e-23  +/-  3.890  %
  1  film          1.14000000       1.000000    5.7641e-13  +/-  3.049  %    8.1001e-23  +/-  3.049  %
  2  film          1.14000000       1.000000    7.2587e-13  +/-  3.029  %    1.0200e-22  +/-  3.029  %
  3  film          1.14000000       1.000000    8.6229e-13  +/-  2.585  %    1.2117e-22  +/-  2.585  %
  4  film          1.14000000       1.000000    1.1158e-12  +/-  2.023  %    1.5681e-22  +/-  2.023  %
  5  film          1.14000000       1.000000    1.4835e-12  +/-  1.755  %    2.0847e-22  +/-  1.755  %
  6  film          1.14000000       1.000000    3.5607e-12  +/-  1.083  %    5.0037e-22  +/-  1.083  %
  7  film          1.14000000       1.000000    7.2147e-12  +/-  0.744  %    1.0139e-21  +/-  0.744  %
  8  film          1.14000000       1.000000    9.6982e-12  +/-  0.633  %    1.3629e-21  +/-  0.633  %
  9  film          1.14000000       1.000000    9.9859e-12  +/-  0.642  %    1.4033e-21  +/-  0.642  %
 10  film          1.14000000       1.000000    1.0144e-11  +/-  0.621  %    1.4254e-21  +/-  0.621  %
 11  film          1.14000000       1.000000    1.0536e-11  +/-  0.614  %    1.4806e-21  +/-  0.614  %
 12  film          1.14000000       1.000000    1.0935e-11  +/-  0.604  %    1.5367e-21  +/-  0.604  %
 13  film          1.14000000       1.000000    1.0607e-11  +/-  0.608  %    1.4906e-21  +/-  0.608  %
 14  film          1.14000000       1.000000    1.0936e-11  +/-  0.605  %    1.5368e-21  +/-  0.605  %
 15  film          1.14000000       1.000000    1.0893e-11  +/-  0.601  %    1.5307e-21  +/-  0.601  %
 16  film          1.14000000       1.000000    1.0880e-11  +/-  0.607  %    1.5289e-21  +/-  0.607  %
 17  film          1.14000000       1.000000    1.0838e-11  +/-  0.612  %    1.5230e-21  +/-  0.612  %
 18  film          1.14000000       1.000000    1.0871e-11  +/-  0.603  %    1.5277e-21  +/-  0.603  %
 19  film          1.14000000       1.000000    1.1047e-11  +/-  0.602  %    1.5524e-21  +/-  0.602  %
 20  film          1.14000000       1.000000    1.0910e-11  +/-  0.608  %    1.5332e-21  +/-  0.608  %
 21  film          1.14000000       1.000000    1.0904e-11  +/-  0.605  %    1.5323e-21  +/-  0.605  %
 22  film          1.14000000       1.000000    1.0796e-11  +/-  0.605  %    1.5171e-21  +/-  0.605  %
 23  film          1.14000000       1.000000    1.0832e-11  +/-  0.608  %    1.5222e-21  +/-  0.608  %
 24  film          1.14000000       1.000000    1.0755e-11  +/-  0.609  %    1.5114e-21  +/-  0.609  %
 25  film          1.14000000       1.000000    1.0854e-11  +/-  0.607  %    1.5253e-21  +/-  0.607  %
 26  film          1.14000000       1.000000    1.0530e-11  +/-  0.609  %    1.4797e-21  +/-  0.609  %
 27  film          1.14000000       1.000000    1.0573e-11  +/-  0.615  %    1.4858e-21  +/-  0.615  %
 28  film          1.14000000       1.000000    1.0309e-11  +/-  0.623  %    1.4486e-21  +/-  0.623  %
 29  film          1.14000000       1.000000    1.0210e-11  +/-  0.622  %    1.4348e-21  +/-  0.622  %
 30  film          1.14000000       1.000000    1.0312e-11  +/-  0.620  %    1.4492e-21  +/-  0.620  %
 31  film          1.14000000       1.000000    9.7215e-12  +/-  0.643  %    1.3661e-21  +/-  0.643  %
 32  film          1.14000000       1.000000    7.4792e-12  +/-  0.733  %    1.0510e-21  +/-  0.733  %
 33  film          1.14000000       1.000000    3.5267e-12  +/-  1.078  %    4.9560e-22  +/-  1.078  %
 34  film          1.14000000       1.000000    1.4977e-12  +/-  1.728  %    2.1047e-22  +/-  1.728  %
 35  film          1.14000000       1.000000    1.1176e-12  +/-  2.018  %    1.5706e-22  +/-  2.018  %
 36  film          1.14000000       1.000000    8.8846e-13  +/-  2.344  %    1.2485e-22  +/-  2.344  %
 37  film          1.14000000       1.000000    7.0901e-13  +/-  2.527  %    9.9635e-23  +/-  2.527  %
 38  film          1.14000000       1.000000    5.8453e-13  +/-  3.067  %    8.2142e-23  +/-  3.067  %
 39  film          1.14000000       1.000000    4.8683e-13  +/-  3.398  %    6.8413e-23  +/-  3.398  %
 81  pb           11.35000000       1.000000    1.1647e-06  +/-  0.008  %    1.6440e-17  +/-  0.008  %
 82  air           0.00120479       1.000000    7.3023e-10  +/-  0.058  %    9.7098e-17  +/-  0.058  %
 83  pb           11.35000000       1.000000    2.0050e-06  +/-  0.005  %    2.8299e-17  +/-  0.005  %
 84  steel         8.06000040       1.000000    1.5764e-08  +/-  0.054  %    3.1331e-19  +/-  0.054  %
 85  air           0.00120479       1.000000    3.5839e-10  +/-  0.069  %    4.7654e-17  +/-  0.069  %
 86  steel         8.06000040       1.000000    1.6157e-08  +/-  0.053  %    3.2114e-19  +/-  0.053  %
 90  pb           11.35000000       1.000000    4.6192e-07  +/-  0.013  %    6.5198e-18  +/-  0.013  %
 91  air           0.00120479       1.000000    2.1827e-10  +/-  0.104  %    2.9023e-17  +/-  0.104  %
 92  pb           11.35000000       1.000000    4.6166e-07  +/-  0.013  %    6.5161e-18  +/-  0.013  %
 93  steel         8.06000040       1.000000    5.6725e-09  +/-  0.090  %    1.1275e-19  +/-  0.090  %
 94  air           0.00120479       1.000000    9.9348e-11  +/-  0.132  %    1.3210e-17  +/-  0.132  %
 95  steel         8.06000040       1.000000    5.6354e-09  +/-  0.090  %    1.1201e-19  +/-  0.090  %
 99  steel         8.06000040       1.000000    1.7212e-11  +/-  0.801  %    3.4211e-22  +/-  0.801  %
100  steel         8.06000040       1.000000    3.8160e-10  +/-  0.150  %    7.5847e-21  +/-  0.150  %
101  steel         8.06000040       1.000000    1.7470e-11  +/-  0.809  %    3.4724e-22  +/-  0.809  %
102  steel         8.06000040       1.000000    5.4558e-08  +/-  0.037  %    1.0844e-18  +/-  0.037  %
103  air           0.00120479       1.000000    8.0965e-10  +/-  0.053  %    1.0766e-16  +/-  0.053  %
104  steel         8.06000040       1.000000    5.4678e-08  +/-  0.037  %    1.0868e-18  +/-  0.037  %
105  steel         8.06000040       1.000000    1.7444e-11  +/-  0.801  %    3.4671e-22  +/-  0.801  %
106  steel         8.06000040       1.000000    3.8419e-10  +/-  0.151  %    7.6362e-21  +/-  0.151  %
107  steel         8.06000040       1.000000    1.7824e-11  +/-  0.802  %    3.5428e-22  +/-  0.802  %
108  air           0.00120479       1.000000    7.1990e-09  +/-  0.027  %    9.5725e-16  +/-  0.027  %
135  air           0.00120479       1.000000    4.4383e-09  +/-  0.023  %    5.9016e-16  +/-  0.023  %
162  polystyrene   1.05999990       1.000000    5.1777e-07  +/-  0.009  %    7.8252e-17  +/-  0.009  %
243  air           0.00120479       1.000000    6.5167e-09  +/-  0.044  %    8.6652e-16  +/-  0.044  %
------------------------------------------------------------------------------------------------------

 EGS_DoseScoring: Writing dose data for EGS_XYZGeometry profilex... 
 Output file name: /projappl/project_2008691/EGSnrc/egs_home/egs_chamber/profilexFilm.3ddose

======================================================


================================================================================
Finished simulation

  Elapsed time:                    4.9 s (  0.001 h)
  CPU time:                        1.3 s (  0.000 h)
  Ratio:                          3.917


End of run                                             Sat Apr  6 19:41:34 2024
================================================================================
finishSimulation(egs_chamber) 0
